[01:04:13] [INIT] KubeJS 2001.6.5-build.26; MC 2001 forge
[01:04:13] [INIT] Loaded plugins:
[01:04:13] [INIT] - mod.chloeprime.aaaparticles.common.compat.kubejs.AAAParticleKubeJSPlugin
[01:04:13] [INIT] - dev.latvian.mods.kubejs.forge.BuiltinKubeJSForgePlugin
[01:04:13] [INIT] - dev.latvian.mods.kubejs.forge.BuiltinKubeJSForgeClientPlugin
[01:04:13] [INIT] - com.lowdragmc.lowdraglib.kjs.LDLibKubeJSPlugin
[01:04:13] [INIT] - io.github.mortuusars.exposure.integration.kubejs.ExposureJSPlugin
[01:04:13] [INIT] - dev.ftb.mods.ftbxmodcompat.ftbquests.kubejs.KubeJSIntegration
[01:04:13] [INIT] - dev.ftb.mods.ftbxmodcompat.ftbchunks.kubejs.FTBChunksKubeJSPlugin
[01:04:13] [INIT] - dev.ftb.mods.ftbxmodcompat.ftbteams.kubejs.FTBTeamsKubeJSPlugin
[01:04:13] [INIT] - dev.ftb.mods.ftbxmodcompat.ftbfiltersystem.kubejs.FFSKubeJSPlugin
[01:04:13] [INIT] - com.chen1335.forbiddenAndArcanusJS.kubejs.ForbiddenArcanusJSPlugin
[01:04:13] [INIT] - dev.latvian.mods.kubejs.create.KubeJSCreatePlugin
[01:04:13] [INIT] - com.mega.revelationfix.common.compat.kjs.KubeJSPlugin
[01:04:13] [INIT] - com.almostreliable.lootjs.kube.LootJSPlugin
[01:04:13] [INIT] - com.blakebr0.cucumber.compat.kubejs.CucumberKubeJSPlugin
[01:04:13] [INFO] example.js#5: Hello, World! (Loaded client scripts)
[01:04:13] [INFO] Loaded script client_scripts:example.js in 0.004 s
[01:04:13] [INFO] Loaded script client_scripts:tooltip.js in 0.001 s
[01:04:13] [INFO] Loaded 2/2 KubeJS client scripts in 0.031 s with 0 errors and 0 warnings
[01:04:26] [INFO] Client resource reload complete!
